
Memory Configuration

Name             Origin             Length             Attributes
*default*        0x00000000         0xffffffff

Linker script and memory map

LOAD e:/Apps/devkitPro/libwiiu/examples/haxchi/dsrom/vwii_loader/bin/crt0.o
LOAD e:/Apps/devkitPro/libwiiu/examples/haxchi/dsrom/vwii_loader/bin/kernel_patches.o
LOAD e:/Apps/devkitPro/libwiiu/examples/haxchi/dsrom/vwii_loader/bin/kexploit.o
LOAD e:/Apps/devkitPro/libwiiu/examples/haxchi/dsrom/vwii_loader/bin/launcher.o
Address of section .text set to 0x180c000
LOAD e:/Apps/devkitPro/devkitPPC/lib/gcc/powerpc-eabi/6.2.0\libgcc.a
                [!provide]                PROVIDE (__stack, 0x0)
                [!provide]                PROVIDE (___stack, 0x0)
                [!provide]                PROVIDE (__executable_start, 0x1800000)
                0x01800054                . = (0x1800000 + SIZEOF_HEADERS)

.interp
 *(.interp)

.note.gnu.build-id
 *(.note.gnu.build-id)

.hash
 *(.hash)

.gnu.hash
 *(.gnu.hash)

.dynsym
 *(.dynsym)

.dynstr
 *(.dynstr)

.gnu.version
 *(.gnu.version)

.gnu.version_d
 *(.gnu.version_d)

.gnu.version_r
 *(.gnu.version_r)

.rela.dyn       0x01800054        0x0
 *(.rela.init)
 *(.rela.text .rela.text.* .rela.gnu.linkonce.t.*)
 *(.rela.fini)
 *(.rela.rodata .rela.rodata.* .rela.gnu.linkonce.r.*)
 *(.rela.data .rela.data.* .rela.gnu.linkonce.d.*)
 *(.rela.tdata .rela.tdata.* .rela.gnu.linkonce.td.*)
 *(.rela.tbss .rela.tbss.* .rela.gnu.linkonce.tb.*)
 *(.rela.ctors)
 *(.rela.dtors)
 *(.rela.got)
 *(.rela.got1)
 *(.rela.got2)
 *(.rela.sdata .rela.sdata.* .rela.gnu.linkonce.s.*)
 *(.rela.sbss .rela.sbss.* .rela.gnu.linkonce.sb.*)
 *(.rela.sdata2 .rela.sdata2.* .rela.gnu.linkonce.s2.*)
 *(.rela.sbss2 .rela.sbss2.* .rela.gnu.linkonce.sb2.*)
 *(.rela.bss .rela.bss.* .rela.gnu.linkonce.b.*)
                [!provide]                PROVIDE (__rela_iplt_start, .)
 *(.rela.iplt)
 .rela.iplt     0x01800054        0x0 e:/Apps/devkitPro/libwiiu/examples/haxchi/dsrom/vwii_loader/bin/crt0.o
                [!provide]                PROVIDE (__rela_iplt_end, .)

.rela.plt
 *(.rela.plt)

.init
 *(SORT(.init))

.text           0x0180c000     0x1f40
 *(.text.unlikely .text.*_unlikely .text.unlikely.*)
 *(.text.exit .text.exit.*)
 *(.text.startup .text.startup.*)
 *(.text.hot .text.hot.*)
 *(.text .stub .text.* .gnu.linkonce.t.*)
 .text          0x0180c000        0x4 e:/Apps/devkitPro/libwiiu/examples/haxchi/dsrom/vwii_loader/bin/crt0.o
                0x0180c000                _start
 .text          0x0180c004      0x20c e:/Apps/devkitPro/libwiiu/examples/haxchi/dsrom/vwii_loader/bin/kernel_patches.o
                0x0180c004                SC_0x25_KernelCopyData
                0x0180c010                Syscall_0x36
                0x0180c01c                KernelPatches
 .text          0x0180c210     0x1080 e:/Apps/devkitPro/libwiiu/examples/haxchi/dsrom/vwii_loader/bin/kexploit.o
                0x0180c210                memcmp
                0x0180c250                memcpy
                0x0180c328                find_gadget
                0x0180c41c                kern_read
                0x0180c47c                kern_write
                0x0180c4e0                run_kexploit
 .text          0x0180d290      0xcb0 e:/Apps/devkitPro/libwiiu/examples/haxchi/dsrom/vwii_loader/bin/launcher.o
                0x0180d508                __main
 *(.gnu.warning)
 *(.glink)
 .glink         0x0180df40        0x0 e:/Apps/devkitPro/libwiiu/examples/haxchi/dsrom/vwii_loader/bin/crt0.o

.fini
 *(SORT(.fini))
                [!provide]                PROVIDE (__etext, .)
                [!provide]                PROVIDE (_etext, .)
                [!provide]                PROVIDE (etext, .)

.rodata         0x0180df40      0xdbc
 *(.rodata .rodata.* .gnu.linkonce.r.*)
 .rodata        0x0180df40       0x88 e:/Apps/devkitPro/libwiiu/examples/haxchi/dsrom/vwii_loader/bin/kexploit.o
 .rodata.str1.4
                0x0180dfc8       0xf0 e:/Apps/devkitPro/libwiiu/examples/haxchi/dsrom/vwii_loader/bin/kexploit.o
 .rodata        0x0180e0b8      0xaec e:/Apps/devkitPro/libwiiu/examples/haxchi/dsrom/vwii_loader/bin/launcher.o
 .rodata.str1.4
                0x0180eba4      0x158 e:/Apps/devkitPro/libwiiu/examples/haxchi/dsrom/vwii_loader/bin/launcher.o
                                0x175 (size before relaxing)

.rodata1
 *(.rodata1)

.sdata2         0x0180ecfc        0x0
 *(.sdata2 .sdata2.* .gnu.linkonce.s2.*)
 .sdata2        0x0180ecfc        0x0 e:/Apps/devkitPro/libwiiu/examples/haxchi/dsrom/vwii_loader/bin/crt0.o

.sbss2
 *(.sbss2 .sbss2.* .gnu.linkonce.sb2.*)

.eh_frame_hdr
 *(.eh_frame_hdr)
 *(.eh_frame_entry .eh_frame_entry.*)

.eh_frame       0x0180ecfc        0x0
 *(.eh_frame)
 .eh_frame      0x0180ecfc        0x0 e:/Apps/devkitPro/libwiiu/examples/haxchi/dsrom/vwii_loader/bin/crt0.o
 *(.eh_frame.*)

.gcc_except_table
 *(.gcc_except_table .gcc_except_table.*)

.gnu_extab
 *(.gnu_extab*)

.exception_ranges
 *(.exception_ranges .exception_ranges*)
                0x0181ecfc                . = DATA_SEGMENT_ALIGN (0x10000, 0x10000)

.eh_frame
 *(.eh_frame)
 *(.eh_frame.*)

.gnu_extab
 *(.gnu_extab)

.gcc_except_table
 *(.gcc_except_table .gcc_except_table.*)

.exception_ranges
 *(.exception_ranges .exception_ranges*)

.tdata
 *(.tdata .tdata.* .gnu.linkonce.td.*)

.tbss
 *(.tbss .tbss.* .gnu.linkonce.tb.*)
 *(.tcommon)

.preinit_array  0x0181ecfc        0x0
                [!provide]                PROVIDE (__preinit_array_start, .)
 *(.preinit_array)
                [!provide]                PROVIDE (__preinit_array_end, .)

.init_array     0x0181ecfc        0x0
                [!provide]                PROVIDE (__init_array_start, .)
 *(SORT(.init_array.*) SORT(.ctors.*))
 *(.init_array EXCLUDE_FILE(*crtend?.o *crtend.o *crtbegin?.o *crtbegin.o) .ctors)
                [!provide]                PROVIDE (__init_array_end, .)

.fini_array     0x0181ecfc        0x0
                [!provide]                PROVIDE (__fini_array_start, .)
 *(SORT(.fini_array.*) SORT(.dtors.*))
 *(.fini_array EXCLUDE_FILE(*crtend?.o *crtend.o *crtbegin?.o *crtbegin.o) .dtors)
                [!provide]                PROVIDE (__fini_array_end, .)

.ctors
 *crtbegin.o(.ctors)
 *crtbegin?.o(.ctors)
 *(EXCLUDE_FILE(*crtend?.o *crtend.o) .ctors)
 *(SORT(.ctors.*))
 *(.ctors)

.dtors
 *crtbegin.o(.dtors)
 *crtbegin?.o(.dtors)
 *(EXCLUDE_FILE(*crtend?.o *crtend.o) .dtors)
 *(SORT(.dtors.*))
 *(.dtors)

.jcr
 *(.jcr)

.data.rel.ro
 *(.data.rel.ro.local* .gnu.linkonce.d.rel.ro.local.*)
 *(.data.rel.ro .data.rel.ro.* .gnu.linkonce.d.rel.ro.*)

.fixup
 *(.fixup)

.got1
 *(.got1)

.got2
 *(.got2)

.dynamic
 *(.dynamic)

.got
 *(.got)
                0x0181ecfc                . = DATA_SEGMENT_RELRO_END (., 0x0)

.plt
 *(.plt)

.data           0x0181ecfc        0x0
 *(.data .data.* .gnu.linkonce.d.*)
 .data          0x0181ecfc        0x0 e:/Apps/devkitPro/libwiiu/examples/haxchi/dsrom/vwii_loader/bin/crt0.o
 .data          0x0181ecfc        0x0 e:/Apps/devkitPro/libwiiu/examples/haxchi/dsrom/vwii_loader/bin/kernel_patches.o
 .data          0x0181ecfc        0x0 e:/Apps/devkitPro/libwiiu/examples/haxchi/dsrom/vwii_loader/bin/kexploit.o
 .data          0x0181ecfc        0x0 e:/Apps/devkitPro/libwiiu/examples/haxchi/dsrom/vwii_loader/bin/launcher.o

.data1
 *(.data1)

.got
 *(.got)

.sdata          0x0181ecfc        0x0
 *(.sdata .sdata.* .gnu.linkonce.s.*)
 .sdata         0x0181ecfc        0x0 e:/Apps/devkitPro/libwiiu/examples/haxchi/dsrom/vwii_loader/bin/crt0.o
                0x0181ecfc                _edata = .
                [!provide]                PROVIDE (edata, .)
                0x0181ecfc                . = .
                0x0181ecfc                __bss_start = .

.sbss           0x0181ecfc        0x0
                [!provide]                PROVIDE (__sbss_start, .)
                [!provide]                PROVIDE (___sbss_start, .)
 *(.dynsbss)
 *(.sbss .sbss.* .gnu.linkonce.sb.*)
 *(.scommon)
                [!provide]                PROVIDE (__sbss_end, .)
                [!provide]                PROVIDE (___sbss_end, .)

.plt
 *(.plt)

.iplt           0x0181ed00        0x0
 *(.iplt)
 .iplt          0x0181ed00        0x0 e:/Apps/devkitPro/libwiiu/examples/haxchi/dsrom/vwii_loader/bin/crt0.o

.bss            0x0181ecfc        0x0
 *(.dynbss)
 *(.bss .bss.* .gnu.linkonce.b.*)
 .bss           0x0181ecfc        0x0 e:/Apps/devkitPro/libwiiu/examples/haxchi/dsrom/vwii_loader/bin/crt0.o
 .bss           0x0181ecfc        0x0 e:/Apps/devkitPro/libwiiu/examples/haxchi/dsrom/vwii_loader/bin/kernel_patches.o
 .bss           0x0181ecfc        0x0 e:/Apps/devkitPro/libwiiu/examples/haxchi/dsrom/vwii_loader/bin/kexploit.o
 .bss           0x0181ecfc        0x0 e:/Apps/devkitPro/libwiiu/examples/haxchi/dsrom/vwii_loader/bin/launcher.o
 *(COMMON)
                0x0181ecfc                . = ALIGN ((. != 0x0)?0x4:0x1)
                0x0181ecfc                . = ALIGN (0x4)
                0x0181ecfc                . = SEGMENT_START ("ldata-segment", .)
                0x0181ecfc                . = ALIGN (0x4)
                0x0181ecfc                __end = .
                0x0181ecfc                _end = .
                [!provide]                PROVIDE (end, .)
                0x0181ecfc                . = DATA_SEGMENT_END (.)

.stab
 *(.stab)

.stabstr
 *(.stabstr)

.stab.excl
 *(.stab.excl)

.stab.exclstr
 *(.stab.exclstr)

.stab.index
 *(.stab.index)

.stab.indexstr
 *(.stab.indexstr)

.comment        0x00000000       0x22
 *(.comment)
 .comment       0x00000000       0x22 e:/Apps/devkitPro/libwiiu/examples/haxchi/dsrom/vwii_loader/bin/kexploit.o
                                 0x23 (size before relaxing)
 .comment       0x00000022       0x23 e:/Apps/devkitPro/libwiiu/examples/haxchi/dsrom/vwii_loader/bin/launcher.o

.debug
 *(.debug)

.line
 *(.line)

.debug_srcinfo
 *(.debug_srcinfo)

.debug_sfnames
 *(.debug_sfnames)

.debug_aranges
 *(.debug_aranges)

.debug_pubnames
 *(.debug_pubnames)

.debug_info
 *(.debug_info .gnu.linkonce.wi.*)

.debug_abbrev
 *(.debug_abbrev)

.debug_line
 *(.debug_line .debug_line.* .debug_line_end)

.debug_frame
 *(.debug_frame)

.debug_str
 *(.debug_str)

.debug_loc
 *(.debug_loc)

.debug_macinfo
 *(.debug_macinfo)

.debug_weaknames
 *(.debug_weaknames)

.debug_funcnames
 *(.debug_funcnames)

.debug_typenames
 *(.debug_typenames)

.debug_varnames
 *(.debug_varnames)

.debug_pubtypes
 *(.debug_pubtypes)

.debug_ranges
 *(.debug_ranges)

.debug_macro
 *(.debug_macro)

.gnu.attributes
 *(.gnu.attributes)

/DISCARD/
 *(.note.GNU-stack)
 *(.gnu_debuglink)
 *(.gnu.lto_*)
OUTPUT(vwii_loader.elf elf32-powerpc)
